{
  "id": 1,
  "username": "test",
  "accountIds": [
    3,
    7
  ]
}