[
  {
    "id": 1.0,
    "username": "test1",
    "accountIds": [
      2.0,
      3.0
    ]
  },
  {
    "id": 2.0,
    "username": "test2",
    "accountIds": [
      1.0
    ]
  }
]